5 11 20 23 27 31 42 43 44 50
10 41
2 5 8 13 14 36 44
2 44
1 9 13 22 40 46 49
1 12 32
1 5 24 29 39 47 49
34 45
3 17 18 49
8 22
