20 25 34 36 42 43 48
-1
1 10 14 18 34 37 42
24 41
1 15 16 19 20 26 49 50
16 42
1 4 7 10 21 33 37 44 48
9
5 7 28 32 33 34 40 41 45
20 24
